******************************************************************************
             TMS320C2000 Linker PC v5.2.1                      
******************************************************************************
>> Linked Sun May 13 19:23:14 2018

OUTPUT FILE NAME:   <./Debug/bishe.out>
ENTRY POINT SYMBOL: "_c_int00"  address: 003f8b33


MEMORY CONFIGURATION

         name            origin    length      used     unused   attr    fill
----------------------  --------  ---------  --------  --------  ----  --------
PAGE 0:
  PRAMH0                003f8000   00001000  00000d40  000002c0  RWIX

PAGE 1:
  RAMM0                 00000000   00000400  00000000  00000400  RWIX
  RAMM1                 00000400   00000400  000003e8  00000018  RWIX
  DEV_EMU               00000880   00000180  000000d0  000000b0  RWIX
  FLASH_REGS            00000a80   00000060  00000008  00000058  RWIX
  CSM                   00000ae0   00000010  00000010  00000000  RWIX
  XINTF                 00000b20   00000020  00000020  00000000  RWIX
  CPU_TIMER0            00000c00   00000008  00000008  00000000  RWIX
  CPU_TIMER1            00000c08   00000008  00000008  00000000  RWIX
  CPU_TIMER2            00000c10   00000008  00000008  00000000  RWIX
  PIE_CTRL              00000ce0   00000020  0000001a  00000006  RWIX
  PIE_VECT              00000d00   00000100  00000100  00000000  RWIX
  ECAN_A                00006000   00000100  00000034  000000cc  RWIX
  ECAN_AMBOX            00006100   00000100  00000100  00000000  RWIX
  SYSTEM                00007010   00000020  00000020  00000000  RWIX
  SPI_A                 00007040   00000010  00000010  00000000  RWIX
  SCI_A                 00007050   00000010  00000010  00000000  RWIX
  XINTRUPT              00007070   00000010  00000010  00000000  RWIX
  GPIOMUX               000070c0   00000020  00000020  00000000  RWIX
  GPIODAT               000070e0   00000020  00000020  00000000  RWIX
  ADC                   00007100   00000020  0000001a  00000006  RWIX
  EV_A                  00007400   00000040  00000032  0000000e  RWIX
  EV_B                  00007500   00000040  00000032  0000000e  RWIX
  SPI_B                 00007740   00000010  00000000  00000010  RWIX
  SCI_B                 00007750   00000010  00000010  00000000  RWIX
  MCBSP_A               00007800   00000040  00000025  0000001b  RWIX
  CSM_PWL               003f7ff8   00000008  00000008  00000000  RWIX
  DRAMH0                003f9000   00001000  00000240  00000dc0  RWIX


SECTION ALLOCATION MAP

 output                                  attributes/
section   page    origin      length       input sections
--------  ----  ----------  ----------   ----------------
.text      0    003f8000    00000d0e     
                  003f8000    00000488     appmain.obj (.text)
                  003f8488    0000014f     DSP281x_DefaultIsr.obj (.text)
                  003f85d7    000000e1     DSP281x_ECan.obj (.text)
                  003f86b8    000000bf     DSP281x_Mcbsp.obj (.text)
                  003f8777    0000008c     rts2800n.lib : fs_add.obj (.text)
                  003f8803    00000087     DSP281x_Adc.obj (.text)
                  003f888a    00000083     rts2800n.lib : fs_div.obj (.text)
                  003f890d    0000007e     DSP281x_SysCtrl.obj (.text)
                  003f898b    00000078     DSP281x_Xintf.obj (.text)
                  003f8a03    0000006b     DSP281x_CpuTimers.obj (.text)
                  003f8a6e    0000006b     DSP281x_Sci.obj (.text)
                  003f8ad9    0000005a     rts2800n.lib : fs_mpy.obj (.text)
                  003f8b33    0000004b                  : boot.obj (.text)
                  003f8b7e    0000003e                  : exit.obj (.text)
                  003f8bbc    0000003b                  : fs_tol.obj (.text)
                  003f8bf7    00000028     DSP281x_PieCtrl.obj (.text)
                  003f8c1f    00000021     DSP281x_Gpio.obj (.text)
                  003f8c40    00000020     DSP281x_PieVect.obj (.text)
                  003f8c60    0000001d     DSP281x_Ev.obj (.text)
                  003f8c7d    0000001a     rts2800n.lib : l_tofs.obj (.text)
                  003f8c97    00000019     DSP281x_Spi.obj (.text)
                  003f8cb0    00000017     rts2800n.lib : fs_cmp.obj (.text)
                  003f8cc7    00000015     DSP281x_MemCopy.obj (.text)
                  003f8cdc    00000011     DSP281x_InitPeripherals.obj (.text)
                  003f8ced    00000010     rts2800n.lib : u_tofs.obj (.text)
                  003f8cfd    00000009                  : fs_sub.obj (.text)
                  003f8d06    00000007                  : _lock.obj (.text)
                  003f8d0d    00000001     DSP281x_XIntrupt.obj (.text)

.cinit     0    003f8d0e    00000015     
                  003f8d0e    0000000b     rts2800n.lib : exit.obj (.cinit)
                  003f8d19    00000008                  : _lock.obj (.cinit)
                  003f8d21    00000002     --HOLE-- [fill = 0]

.reset     0    003f8d23    00000002     
                  003f8d23    00000002     rts2800n.lib : boot.obj (.reset)

ramfuncs   0    003f8d25    0000001b     
                  003f8d25    00000017     DSP281x_SysCtrl.obj (ramfuncs)
                  003f8d3c    00000004     DSP281x_usDelay.obj (ramfuncs)

.stack     1    00000400    000003e8     UNINITIALIZED
                  00000400    000003e8     --HOLE--

DevEmuRegsFile 
*          1    00000880    000000d0     UNINITIALIZED
                  00000880    000000d0     DSP281x_GlobalVariableDefs.obj (DevEmuRegsFile)

FlashRegsFile 
*          1    00000a80    00000008     UNINITIALIZED
                  00000a80    00000008     DSP281x_GlobalVariableDefs.obj (FlashRegsFile)

CsmRegsFile 
*          1    00000ae0    00000010     UNINITIALIZED
                  00000ae0    00000010     DSP281x_GlobalVariableDefs.obj (CsmRegsFile)

XintfRegsFile 
*          1    00000b20    00000020     UNINITIALIZED
                  00000b20    00000020     DSP281x_GlobalVariableDefs.obj (XintfRegsFile)

CpuTimer0RegsFile 
*          1    00000c00    00000008     UNINITIALIZED
                  00000c00    00000008     DSP281x_GlobalVariableDefs.obj (CpuTimer0RegsFile)

CpuTimer1RegsFile 
*          1    00000c08    00000008     UNINITIALIZED
                  00000c08    00000008     DSP281x_GlobalVariableDefs.obj (CpuTimer1RegsFile)

CpuTimer2RegsFile 
*          1    00000c10    00000008     UNINITIALIZED
                  00000c10    00000008     DSP281x_GlobalVariableDefs.obj (CpuTimer2RegsFile)

PieCtrlRegsFile 
*          1    00000ce0    0000001a     UNINITIALIZED
                  00000ce0    0000001a     DSP281x_GlobalVariableDefs.obj (PieCtrlRegsFile)

PieVectTableFile 
*          1    00000d00    00000100     UNINITIALIZED
                  00000d00    00000100     DSP281x_GlobalVariableDefs.obj (PieVectTableFile)

ECanaRegsFile 
*          1    00006000    00000034     UNINITIALIZED
                  00006000    00000034     DSP281x_GlobalVariableDefs.obj (ECanaRegsFile)

ECanaMboxesFile 
*          1    00006100    00000100     UNINITIALIZED
                  00006100    00000100     DSP281x_GlobalVariableDefs.obj (ECanaMboxesFile)

SysCtrlRegsFile 
*          1    00007010    00000020     UNINITIALIZED
                  00007010    00000020     DSP281x_GlobalVariableDefs.obj (SysCtrlRegsFile)

SpiaRegsFile 
*          1    00007040    00000010     UNINITIALIZED
                  00007040    00000010     DSP281x_GlobalVariableDefs.obj (SpiaRegsFile)

SciaRegsFile 
*          1    00007050    00000010     UNINITIALIZED
                  00007050    00000010     DSP281x_GlobalVariableDefs.obj (SciaRegsFile)

XIntruptRegsFile 
*          1    00007070    00000010     UNINITIALIZED
                  00007070    00000010     DSP281x_GlobalVariableDefs.obj (XIntruptRegsFile)

GpioMuxRegsFile 
*          1    000070c0    00000020     UNINITIALIZED
                  000070c0    00000020     DSP281x_GlobalVariableDefs.obj (GpioMuxRegsFile)

GpioDataRegsFile 
*          1    000070e0    00000020     UNINITIALIZED
                  000070e0    00000020     DSP281x_GlobalVariableDefs.obj (GpioDataRegsFile)

AdcRegsFile 
*          1    00007100    0000001a     UNINITIALIZED
                  00007100    0000001a     DSP281x_GlobalVariableDefs.obj (AdcRegsFile)

EvaRegsFile 
*          1    00007400    00000032     UNINITIALIZED
                  00007400    00000032     DSP281x_GlobalVariableDefs.obj (EvaRegsFile)

EvbRegsFile 
*          1    00007500    00000032     UNINITIALIZED
                  00007500    00000032     DSP281x_GlobalVariableDefs.obj (EvbRegsFile)

ScibRegsFile 
*          1    00007750    00000010     UNINITIALIZED
                  00007750    00000010     DSP281x_GlobalVariableDefs.obj (ScibRegsFile)

McbspaRegsFile 
*          1    00007800    00000025     UNINITIALIZED
                  00007800    00000025     DSP281x_GlobalVariableDefs.obj (McbspaRegsFile)

CsmPwlFile 
*          1    003f7ff8    00000008     UNINITIALIZED
                  003f7ff8    00000008     DSP281x_GlobalVariableDefs.obj (CsmPwlFile)

.econst    1    003f9000    00000100     
                  003f9000    00000100     DSP281x_PieVect.obj (.econst)

.ebss      1    003f9100    000000b8     UNINITIALIZED
                  003f9100    000000a0     appmain.obj (.ebss)
                  003f91a0    00000018     DSP281x_CpuTimers.obj (.ebss)

.bss       1    003f91b8    00000088     UNINITIALIZED
                  003f91b8    00000004     rts2800n.lib : _lock.obj (.bss)
                  003f91bc    00000004     --HOLE--
                  003f91c0    00000080                  : exit.obj (.bss)


GLOBAL SYMBOLS: SORTED ALPHABETICALLY BY Name 

address    name
--------   ----
003f91b8   .bss
003f8000   .text
003f8b9d   C$$EXIT
003f8777   FS$$ADD
003f8cb0   FS$$CMP
003f888a   FS$$DIV
003f8ad9   FS$$MPY
003f8cfd   FS$$SUB
003f8bbc   FS$$TOL
003f8c7d   L$$TOFS
003f8ced   U$$TOFS
003f84fb   _ADCINT_ISR
00007100   _AdcRegs
003f8541   _CAPINT1_ISR
003f8546   _CAPINT2_ISR
003f854b   _CAPINT3_ISR
003f8587   _CAPINT4_ISR
003f858c   _CAPINT5_ISR
003f8591   _CAPINT6_ISR
003f850a   _CMP1INT_ISR
003f850f   _CMP2INT_ISR
003f8514   _CMP3INT_ISR
003f8550   _CMP4INT_ISR
003f8555   _CMP5INT_ISR
003f855a   _CMP6INT_ISR
003f9102   _CalGain
003f9100   _CalOffset
003f8a3a   _ConfigCpuTimer
003f91b0   _CpuTimer0
00000c00   _CpuTimer0Regs
003f91a0   _CpuTimer1
00000c08   _CpuTimer1Regs
003f91a8   _CpuTimer2
00000c10   _CpuTimer2Regs
003f7ff8   _CsmPwl
00000ae0   _CsmRegs
003f895a   _CsmUnlock
003f8492   _DATALOG_ISR
003f8d3c   _DSP28x_usDelay
00000880   _DevEmuRegs
003f891f   _DisableDog
003f85be   _ECAN0INTA_ISR
003f85c3   _ECAN1INTA_ISR
00006100   _ECanaMboxes
00006000   _ECanaRegs
003f85c8   _EMPTY_ISR
003f849c   _EMUINT_ISR
003f8c16   _EnableInterrupts
00007400   _EvaRegs
00007500   _EvbRegs
00000a80   _FlashRegs
000070e0   _GpioDataRegs
000070c0   _GpioMuxRegs
003f84a6   _ILLEGAL_ISR
003f8488   _INT13_ISR
003f848d   _INT14_ISR
003f8803   _InitAdc
003f8a03   _InitCpuTimers
003f85d7   _InitECan
003f8c60   _InitEv
003f8d25   _InitFlash
003f8c1f   _InitGpio
003f86ca   _InitMcbsp
003f86b8   _InitMcbspGpio
003f86fe   _InitMcbspa12bit
003f8709   _InitMcbspa16bit
003f8714   _InitMcbspa20bit
003f871f   _InitMcbspa24bit
003f872a   _InitMcbspa32bit
003f86f7   _InitMcbspa8bit
003f8944   _InitPeripheralClocks
003f8cdc   _InitPeripherals
003f8bf7   _InitPieCtrl
003f8c40   _InitPieVectTable
003f8927   _InitPll
003f8a6e   _InitSci
003f8c97   _InitSpi
003f890d   _InitSysCtrl
003f8d0d   _InitXIntrupt
003f898b   _InitXintf
003f9140   _Input
003f8915   _KickDog
003f85a0   _MRINTA_ISR
003f85a5   _MXINTA_ISR
00007800   _McbspaRegs
003f8cc7   _MemCopy
003f84a1   _NMI_ISR
003f9180   _Output
003f84e7   _PDPINTA_ISR
003f84ec   _PDPINTB_ISR
003f85cd   _PIE_RESERVED
00000ce0   _PieCtrlRegs
00000d00   _PieVectTable
003f9000   _PieVectTableInit
003f8497   _RTOSINT_ISR
003f85aa   _SCIRXINTA_ISR
003f85b4   _SCIRXINTB_ISR
003f85af   _SCITXINTA_ISR
003f85b9   _SCITXINTB_ISR
003f8596   _SPIRXINTA_ISR
003f859b   _SPITXINTA_ISR
00007050   _SciaRegs
00007750   _ScibRegs
00007040   _SpiaRegs
00007010   _SysCtrlRegs
003f851e   _T1CINT_ISR
003f8528   _T1OFINT_ISR
003f8519   _T1PINT_ISR
003f8523   _T1UFINT_ISR
003f8532   _T2CINT_ISR
003f853c   _T2OFINT_ISR
003f852d   _T2PINT_ISR
003f8537   _T2UFINT_ISR
003f8564   _T3CINT_ISR
003f856e   _T3OFINT_ISR
003f855f   _T3PINT_ISR
003f8569   _T3UFINT_ISR
003f8578   _T4CINT_ISR
003f8582   _T4OFINT_ISR
003f8573   _T4PINT_ISR
003f857d   _T4UFINT_ISR
003f8500   _TINT0_ISR
003f84d8   _USER10_ISR
003f84dd   _USER11_ISR
003f84e2   _USER12_ISR
003f84ab   _USER1_ISR
003f84b0   _USER2_ISR
003f84b5   _USER3_ISR
003f84ba   _USER4_ISR
003f84bf   _USER5_ISR
003f84c4   _USER6_ISR
003f84c9   _USER7_ISR
003f84ce   _USER8_ISR
003f84d3   _USER9_ISR
003f8505   _WAKEINT_ISR
003f84f1   _XINT1_ISR
003f84f6   _XINT2_ISR
00007070   _XIntruptRegs
00000b20   _XintfRegs
000007e8   __STACK_END
000003e8   __STACK_SIZE
ffffffff   ___binit__
003f91b8   ___bss__
ffffffff   ___c_args__
003f8d0e   ___cinit__
003f9240   ___end__
003f8d0e   ___etext__
ffffffff   ___pinit__
003f8000   ___text__
003f91c4   __cleanup_ptr
003f91c2   __dtors_ptr
003f91ba   __lock
003f8d06   __nop
003f8d07   __register_lock
003f8d0a   __register_unlock
003f91b8   __unlock
003f8bbb   _abort
003f9160   _adc
003f80e3   _adc_isr
003f8b9f   _atexit
003f8b33   _c_int00
003f8755   _clkg_delay_loop
003f8735   _delay_loop
003f8461   _ecanrx_isr
003f9108   _ecanrxbuf
003f80cb   _ecantx
003f9104   _ecantxbuf
003f8b7e   _exit
003f8000   _main
003f85d2   _rsvd_ISR
003f912c   _sciarxbuf
003f83b1   _sciarxfifo_isr
003f911c   _sciatxbuf
003f838f   _sciatxfifo_isr
003f9114   _scibrxbuf
003f83f7   _scibrxfifo_isr
003f910c   _scibtxbuf
003f83d5   _scibtxfifo_isr
003f8086   _sequence
003f9134   _spirxbuf
003f843d   _spirxfifo_isr
003f9124   _spitxbuf
003f841b   _spitxfifo_isr
ffffffff   binit
003f8d0e   cinit
003f9240   end
003f8d0e   etext
ffffffff   pinit


GLOBAL SYMBOLS: SORTED BY Symbol Address 

address    name
--------   ----
000003e8   __STACK_SIZE
000007e8   __STACK_END
00000880   _DevEmuRegs
00000a80   _FlashRegs
00000ae0   _CsmRegs
00000b20   _XintfRegs
00000c00   _CpuTimer0Regs
00000c08   _CpuTimer1Regs
00000c10   _CpuTimer2Regs
00000ce0   _PieCtrlRegs
00000d00   _PieVectTable
00006000   _ECanaRegs
00006100   _ECanaMboxes
00007010   _SysCtrlRegs
00007040   _SpiaRegs
00007050   _SciaRegs
00007070   _XIntruptRegs
000070c0   _GpioMuxRegs
000070e0   _GpioDataRegs
00007100   _AdcRegs
00007400   _EvaRegs
00007500   _EvbRegs
00007750   _ScibRegs
00007800   _McbspaRegs
003f7ff8   _CsmPwl
003f8000   .text
003f8000   ___text__
003f8000   _main
003f8086   _sequence
003f80cb   _ecantx
003f80e3   _adc_isr
003f838f   _sciatxfifo_isr
003f83b1   _sciarxfifo_isr
003f83d5   _scibtxfifo_isr
003f83f7   _scibrxfifo_isr
003f841b   _spitxfifo_isr
003f843d   _spirxfifo_isr
003f8461   _ecanrx_isr
003f8488   _INT13_ISR
003f848d   _INT14_ISR
003f8492   _DATALOG_ISR
003f8497   _RTOSINT_ISR
003f849c   _EMUINT_ISR
003f84a1   _NMI_ISR
003f84a6   _ILLEGAL_ISR
003f84ab   _USER1_ISR
003f84b0   _USER2_ISR
003f84b5   _USER3_ISR
003f84ba   _USER4_ISR
003f84bf   _USER5_ISR
003f84c4   _USER6_ISR
003f84c9   _USER7_ISR
003f84ce   _USER8_ISR
003f84d3   _USER9_ISR
003f84d8   _USER10_ISR
003f84dd   _USER11_ISR
003f84e2   _USER12_ISR
003f84e7   _PDPINTA_ISR
003f84ec   _PDPINTB_ISR
003f84f1   _XINT1_ISR
003f84f6   _XINT2_ISR
003f84fb   _ADCINT_ISR
003f8500   _TINT0_ISR
003f8505   _WAKEINT_ISR
003f850a   _CMP1INT_ISR
003f850f   _CMP2INT_ISR
003f8514   _CMP3INT_ISR
003f8519   _T1PINT_ISR
003f851e   _T1CINT_ISR
003f8523   _T1UFINT_ISR
003f8528   _T1OFINT_ISR
003f852d   _T2PINT_ISR
003f8532   _T2CINT_ISR
003f8537   _T2UFINT_ISR
003f853c   _T2OFINT_ISR
003f8541   _CAPINT1_ISR
003f8546   _CAPINT2_ISR
003f854b   _CAPINT3_ISR
003f8550   _CMP4INT_ISR
003f8555   _CMP5INT_ISR
003f855a   _CMP6INT_ISR
003f855f   _T3PINT_ISR
003f8564   _T3CINT_ISR
003f8569   _T3UFINT_ISR
003f856e   _T3OFINT_ISR
003f8573   _T4PINT_ISR
003f8578   _T4CINT_ISR
003f857d   _T4UFINT_ISR
003f8582   _T4OFINT_ISR
003f8587   _CAPINT4_ISR
003f858c   _CAPINT5_ISR
003f8591   _CAPINT6_ISR
003f8596   _SPIRXINTA_ISR
003f859b   _SPITXINTA_ISR
003f85a0   _MRINTA_ISR
003f85a5   _MXINTA_ISR
003f85aa   _SCIRXINTA_ISR
003f85af   _SCITXINTA_ISR
003f85b4   _SCIRXINTB_ISR
003f85b9   _SCITXINTB_ISR
003f85be   _ECAN0INTA_ISR
003f85c3   _ECAN1INTA_ISR
003f85c8   _EMPTY_ISR
003f85cd   _PIE_RESERVED
003f85d2   _rsvd_ISR
003f85d7   _InitECan
003f86b8   _InitMcbspGpio
003f86ca   _InitMcbsp
003f86f7   _InitMcbspa8bit
003f86fe   _InitMcbspa12bit
003f8709   _InitMcbspa16bit
003f8714   _InitMcbspa20bit
003f871f   _InitMcbspa24bit
003f872a   _InitMcbspa32bit
003f8735   _delay_loop
003f8755   _clkg_delay_loop
003f8777   FS$$ADD
003f8803   _InitAdc
003f888a   FS$$DIV
003f890d   _InitSysCtrl
003f8915   _KickDog
003f891f   _DisableDog
003f8927   _InitPll
003f8944   _InitPeripheralClocks
003f895a   _CsmUnlock
003f898b   _InitXintf
003f8a03   _InitCpuTimers
003f8a3a   _ConfigCpuTimer
003f8a6e   _InitSci
003f8ad9   FS$$MPY
003f8b33   _c_int00
003f8b7e   _exit
003f8b9d   C$$EXIT
003f8b9f   _atexit
003f8bbb   _abort
003f8bbc   FS$$TOL
003f8bf7   _InitPieCtrl
003f8c16   _EnableInterrupts
003f8c1f   _InitGpio
003f8c40   _InitPieVectTable
003f8c60   _InitEv
003f8c7d   L$$TOFS
003f8c97   _InitSpi
003f8cb0   FS$$CMP
003f8cc7   _MemCopy
003f8cdc   _InitPeripherals
003f8ced   U$$TOFS
003f8cfd   FS$$SUB
003f8d06   __nop
003f8d07   __register_lock
003f8d0a   __register_unlock
003f8d0d   _InitXIntrupt
003f8d0e   ___cinit__
003f8d0e   ___etext__
003f8d0e   cinit
003f8d0e   etext
003f8d25   _InitFlash
003f8d3c   _DSP28x_usDelay
003f9000   _PieVectTableInit
003f9100   _CalOffset
003f9102   _CalGain
003f9104   _ecantxbuf
003f9108   _ecanrxbuf
003f910c   _scibtxbuf
003f9114   _scibrxbuf
003f911c   _sciatxbuf
003f9124   _spitxbuf
003f912c   _sciarxbuf
003f9134   _spirxbuf
003f9140   _Input
003f9160   _adc
003f9180   _Output
003f91a0   _CpuTimer1
003f91a8   _CpuTimer2
003f91b0   _CpuTimer0
003f91b8   .bss
003f91b8   ___bss__
003f91b8   __unlock
003f91ba   __lock
003f91c2   __dtors_ptr
003f91c4   __cleanup_ptr
003f9240   ___end__
003f9240   end
ffffffff   ___binit__
ffffffff   ___c_args__
ffffffff   ___pinit__
ffffffff   binit
ffffffff   pinit

[188 symbols]
